py : Traceback (most recent call last):
위치 C:\Users\kss11\AppData\Local\Temp\ps-script-b7232240-81e9-4da5-a7de-dcd63878b6a8.ps1:85 문자:30
+ cd d:\Project\devops\260105; py test_simple.py > test_output.txt 2>&1
+                              ~~~~~~~~~~~~~~~~~~~~~~~~~~~~~~~~~~~~~~~~
    + CategoryInfo          : NotSpecified: (Traceback (most recent call last)::String) [], RemoteException
    + FullyQualifiedErrorId : NativeCommandError
 
  File "D:\Project\devops\260105\test_simple.py", line 21, in <module>
    response = page.goto("http://[::1]:5174/", wait_until="domcontentloaded", timeout=15000)
               ^^^^^^^^^^^^^^^^^^^^^^^^^^^^^^^^^^^^^^^^^^^^^^^^^^^^^^^^^^^^^^^^^^^^^^^^^^^^^
  File "C:\Users\kss11\AppData\Local\Programs\Python\Python312\Lib\site-packages\playwright\sync_api\_generated.py", li
ne 9054, in goto
    self._sync(
  File "C:\Users\kss11\AppData\Local\Programs\Python\Python312\Lib\site-packages\playwright\_impl\_sync_base.py", line 
115, in _sync
    return task.result()
           ^^^^^^^^^^^^^
  File "C:\Users\kss11\AppData\Local\Programs\Python\Python312\Lib\site-packages\playwright\_impl\_page.py", line 552, 
in goto
    return await self._main_frame.goto(**locals_to_params(locals()))
           ^^^^^^^^^^^^^^^^^^^^^^^^^^^^^^^^^^^^^^^^^^^^^^^^^^^^^^^^^
  File "C:\Users\kss11\AppData\Local\Programs\Python\Python312\Lib\site-packages\playwright\_impl\_frame.py", line 153,
 in goto
    await self._channel.send(
  File "C:\Users\kss11\AppData\Local\Programs\Python\Python312\Lib\site-packages\playwright\_impl\_connection.py", line
 69, in send
    return await self._connection.wrap_api_call(
           ^^^^^^^^^^^^^^^^^^^^^^^^^^^^^^^^^^^^^
  File "C:\Users\kss11\AppData\Local\Programs\Python\Python312\Lib\site-packages\playwright\_impl\_connection.py", line
 559, in wrap_api_call
    raise rewrite_error(error, f"{parsed_st['apiName']}: {error}") from None
playwright._impl._errors.Error: Page.goto: net::ERR_HTTP_RESPONSE_CODE_FAILURE at http://[::1]:5174/
Call log:
  - navigating to "http://[::1]:5174/", waiting until "domcontentloaded"

Playwright 테스트 시작
Python 버전: 3.12.6 (tags/v3.12.6:a4a2d2b, Sep  6 2024, 20:11:23) [MSC v.1940 64 bit (AMD64)]
Playwright 초기화 성공
브라우저 실행 성공
새 페이지 생성 성공

http://[::1]:5174/ 접속 시도...
오류 발생: Page.goto: net::ERR_HTTP_RESPONSE_CODE_FAILURE at http://[::1]:5174/
Call log:
  - navigating to "http://[::1]:5174/", waiting until "domcontentloaded"

테스트 완료
